  File "<string>", line 2, in _prepare_impl
  File "C:\Users\91974\desktop\communityconnect\backend\venv\Lib\site-packages\sqlalchemy\orm\state_changes.py", line 139, in _go
    ret_value = fn(self, *arg, **kw)
                ^^^^^^^^^^^^^^^^^^^^
  File "C:\Users\91974\desktop\communityconnect\backend\venv\Lib\site-packages\sqlalchemy\orm\session.py", line 1288, in _prepare_impl       
    self.session.flush()
  File "C:\Users\91974\desktop\communityconnect\backend\venv\Lib\site-packages\sqlalchemy\orm\session.py", line 4352, in flush
    self._flush(objects)
  File "C:\Users\91974\desktop\communityconnect\backend\venv\Lib\site-packages\sqlalchemy\orm\session.py", line 4487, in _flush
    with util.safe_reraise():
  File "C:\Users\91974\desktop\communityconnect\backend\venv\Lib\site-packages\sqlalchemy\util\langhelpers.py", line 146, in __exit__        
    raise exc_value.with_traceback(exc_tb)
  File "C:\Users\91974\desktop\communityconnect\backend\venv\Lib\site-packages\sqlalchemy\orm\session.py", line 4448, in _flush
    flush_context.execute()
  File "C:\Users\91974\desktop\communityconnect\backend\venv\Lib\site-packages\sqlalchemy\orm\unitofwork.py", line 466, in execute
    rec.execute(self)
  File "C:\Users\91974\desktop\communityconnect\backend\venv\Lib\site-packages\sqlalchemy\orm\unitofwork.py", line 642, in execute
    util.preloaded.orm_persistence.save_obj(
  File "C:\Users\91974\desktop\communityconnect\backend\venv\Lib\site-packages\sqlalchemy\orm\persistence.py", line 93, in save_obj
    _emit_insert_statements(
  File "C:\Users\91974\desktop\communityconnect\backend\venv\Lib\site-packages\sqlalchemy\orm\persistence.py", line 1233, in _emit_insert_statements
    result = connection.execute(
             ^^^^^^^^^^^^^^^^^^^
  File "C:\Users\91974\desktop\communityconnect\backend\venv\Lib\site-packages\sqlalchemy\engine\base.py", line 1418, in execute
    return meth(
           ^^^^^
  File "C:\Users\91974\desktop\communityconnect\backend\venv\Lib\site-packages\sqlalchemy\sql\elements.py", line 515, in _execute_on_connection
    return connection._execute_clauseelement(
           ^^^^^^^^^^^^^^^^^^^^^^^^^^^^^^^^^^
  File "C:\Users\91974\desktop\communityconnect\backend\venv\Lib\site-packages\sqlalchemy\engine\base.py", line 1640, in _execute_clauseelement
    ret = self._execute_context(
          ^^^^^^^^^^^^^^^^^^^^^^
  File "C:\Users\91974\desktop\communityconnect\backend\venv\Lib\site-packages\sqlalchemy\engine\base.py", line 1846, in _execute_context    
    return self._exec_single_context(
           ^^^^^^^^^^^^^^^^^^^^^^^^^^
  File "C:\Users\91974\desktop\communityconnect\backend\venv\Lib\site-packages\sqlalchemy\engine\base.py", line 1986, in _exec_single_context
    self._handle_dbapi_exception(
  File "C:\Users\91974\desktop\communityconnect\backend\venv\Lib\site-packages\sqlalchemy\engine\base.py", line 2355, in _handle_dbapi_exception
    raise sqlalchemy_exception.with_traceback(exc_info[2]) from e
  File "C:\Users\91974\desktop\communityconnect\backend\venv\Lib\site-packages\sqlalchemy\engine\base.py", line 1967, in _exec_single_context
    self.dialect.do_execute(
  File "C:\Users\91974\desktop\communityconnect\backend\venv\Lib\site-packages\sqlalchemy\engine\default.py", line 941, in do_execute        
    cursor.execute(statement, parameters)
  File "C:\Users\91974\desktop\communityconnect\backend\venv\Lib\site-packages\sqlalchemy\dialects\postgresql\asyncpg.py", line 572, in execute
    self._adapt_connection.await_(
  File "C:\Users\91974\desktop\communityconnect\backend\venv\Lib\site-packages\sqlalchemy\util\_concurrency_py3k.py", line 132, in await_only
    return current.parent.switch(awaitable)  # type: ignore[no-any-return,attr-defined] # noqa: E501
           ^^^^^^^^^^^^^^^^^^^^^^^^^^^^^^^^
  File "C:\Users\91974\desktop\communityconnect\backend\venv\Lib\site-packages\sqlalchemy\util\_concurrency_py3k.py", line 196, in greenlet_spawn
    value = await result
            ^^^^^^^^^^^^
  File "C:\Users\91974\desktop\communityconnect\backend\venv\Lib\site-packages\sqlalchemy\dialects\postgresql\asyncpg.py", line 550, in _prepare_and_execute
    self._handle_exception(error)
  File "C:\Users\91974\desktop\communityconnect\backend\venv\Lib\site-packages\sqlalchemy\dialects\postgresql\asyncpg.py", line 501, in _handle_exception
    self._adapt_connection._handle_exception(error)
  File "C:\Users\91974\desktop\communityconnect\backend\venv\Lib\site-packages\sqlalchemy\dialects\postgresql\asyncpg.py", line 784, in _handle_exception
    raise translated_error from error
sqlalchemy.exc.DBAPIError: (sqlalchemy.dialects.postgresql.asyncpg.Error) <class 'asyncpg.exceptions.StringDataRightTruncationError'>: value too long for type character varying(6)
[SQL: INSERT INTO email_verifications (id, email, code, expires_at) VALUES ($1::UUID, $2::VARCHAR, $3::VARCHAR, $4::TIMESTAMP WITH TIME ZONE) RETURNING email_verifications.created_at]
[parameters: (UUID('a8a66da7-66f6-4854-a770-3f62897f4ae1'), 'techheremedia@gmail.com', '113d714a2e30402e37ee06401e983b31a8e30a221150bbeb63d2aedfcb910a97', datetime.datetime(2026, 7, 12, 9, 48, 26, 162960, tzinfo=datetime.timezone.utc))]
(Background on this error at: https://sqlalche.me/e/20/dbapi)